pages: 667411
streams normalized in 126s; letters=564,815,976
masks[maskcanon]: 125,376 pages, 153,452 Track-1 intervals
[engine_np] positions=493,506,416 sorted in 18s
[engine_np] grams kept=2,975,319 (singleton=492,567, df-dropped=754,577); raw pair-hits=1,482,280,423
[engine_np] pass1 chunk 1/19: spilled=79,158,691 entries (0.7 GB, 11s)
[engine_np] pass1 chunk 2/19: spilled=158,388,936 entries (1.5 GB, 22s)
[engine_np] pass1 chunk 3/19: spilled=237,378,745 entries (2.2 GB, 33s)
[engine_np] pass1 chunk 4/19: spilled=316,503,178 entries (2.9 GB, 44s)
[engine_np] pass1 chunk 5/19: spilled=395,560,593 entries (3.7 GB, 56s)
[engine_np] pass1 chunk 6/19: spilled=474,688,839 entries (4.4 GB, 67s)
[engine_np] pass1 chunk 7/19: spilled=553,635,486 entries (5.2 GB, 78s)
[engine_np] pass1 chunk 8/19: spilled=632,603,606 entries (5.9 GB, 89s)
[engine_np] pass1 chunk 9/19: spilled=711,837,395 entries (6.6 GB, 100s)
[engine_np] pass1 chunk 10/19: spilled=790,893,054 entries (7.4 GB, 111s)
[engine_np] pass1 chunk 11/19: spilled=870,143,049 entries (8.1 GB, 123s)
[engine_np] pass1 chunk 12/19: spilled=949,339,675 entries (8.8 GB, 134s)
[engine_np] pass1 chunk 13/19: spilled=1,028,275,747 entries (9.6 GB, 145s)
[engine_np] pass1 chunk 14/19: spilled=1,107,264,095 entries (10.3 GB, 156s)
[engine_np] pass1 chunk 15/19: spilled=1,186,177,909 entries (11.0 GB, 168s)
[engine_np] pass1 chunk 16/19: spilled=1,265,134,056 entries (11.8 GB, 179s)
[engine_np] pass1 chunk 17/19: spilled=1,344,310,037 entries (12.5 GB, 190s)
[engine_np] pass1 chunk 18/19: spilled=1,423,462,350 entries (13.3 GB, 201s)
[engine_np] pass1 chunk 19/19: spilled=1,465,369,163 entries (13.6 GB, 207s)
[engine_np] partition merge: 1,465,369,163 entries -> candidates=56,560,287 (72s)
[engine_np] pass2 chunk 1/19 (42s)
[engine_np] pass2 chunk 2/19 (83s)
[engine_np] pass2 chunk 3/19 (127s)
[engine_np] pass2 chunk 4/19 (172s)
[engine_np] pass2 chunk 5/19 (218s)
[engine_np] pass2 chunk 6/19 (264s)
[engine_np] pass2 chunk 7/19 (313s)
[engine_np] pass2 chunk 8/19 (357s)
[engine_np] pass2 chunk 9/19 (400s)
[engine_np] pass2 chunk 10/19 (442s)
[engine_np] pass2 chunk 11/19 (484s)
[engine_np] pass2 chunk 12/19 (525s)
[engine_np] pass2 chunk 13/19 (571s)
[engine_np] pass2 chunk 14/19 (615s)
[engine_np] pass2 chunk 15/19 (660s)
[engine_np] pass2 chunk 16/19 (706s)
[engine_np] pass2 chunk 17/19 (751s)
[engine_np] pass2 chunk 18/19 (796s)
[engine_np] pass2 chunk 19/19 (818s)
[engine_np] spill path done: candidates=56,560,287 in 1121.1s
verified: accepted=1,342,277 in 150.7s (rej short=0 dense=55,115,184)
{
 "n_pages": 667411,
 "n_positions": 493506416,
 "grams_masked": 68639916,
 "grams_total": 4222463,
 "grams_singleton": 492567,
 "grams_dropped_df": 754577,
 "grams_kept": 2975319,
 "pair_hits_total": 1482280423,
 "same_sys_dropped": 10185539,
 "acc_entries": 1465369163,
 "cnt_saturated": 0,
 "candidate_pairs": 56560287,
 "t_total_s": 1121.1,
 "candidate_unique_pairs": 55188346,
 "verify_s": 150.7,
 "rej_short": 0,
 "rej_density": 55115184,
 "span_clipped": 33,
 "accepted_pairs": 1342277,
 "post_s": 648.6,
 "tier1_titles_in_db": 1864,
 "tier1_titles_recall": 0.9635,
 "bh_sys_present": 512,
 "bh_sys_connected": 166,
 "flank_classes": {
  "continuation": 387830,
  "island": 594885,
  "edge": 296768,
  "ambig": 62794
 },
 "dup_flagged": 11636,
 "clean_pairs": 1330641,
 "total_s": 2097.0
}
