params overridden from C:\Genizahsearch\same_work_spike\probe\data\deck_params.json
P model: C:\Genizahsearch\same_work_spike\probe\data\p_calibration_final2.json
tier A: 43,697 live (ms,work) links, 2,568 works; witness-count q92=41 -> rarity_max=41
  pages 50,000 · survivors 25,941
cheap guards done: 70,245 pages, survivors 30,201; stats {'skip_not_best': 552755, 'guard_rarity': 52885, 'known_tierA_pair': 3012, 'guard_bible': 13845, 'band_singleton': 15113, 'band_m_0_003': 8883, 'band_m_003_010': 5442, 'not_best_union': 4507, 'band_m_ge_010': 763} (8s)
guard v7: +13 well-attested rabbinic-genre works (witnesses > 41)
guard: +15 guard-only statutory units (refs_staging)
guard reference: 179 works; bible stream 1,204,678
guard todo: 30,201 of 30,201
  guard chunk 1/8 (126s)
  guard chunk 2/8 (209s)
  guard chunk 3/8 (284s)
  guard chunk 4/8 (363s)
  guard chunk 5/8 (462s)
  guard chunk 6/8 (675s)
  guard chunk 7/8 (878s)
  guard chunk 8/8 (998s)
guards final: kept 11,751 (canonical 15,090, verse-align 3,360)
(manuscript, work) rows: 10,874
  P ≥ 0.8 — כמעט־ודאי: 40 cards
  P 0.5–0.8 — סביר: 25 cards
  P 0.2–0.5 — ספק: 15 cards
  P < 0.2 — קרוב לרעש (לניגוד): 8 cards
wrote C:\Genizahsearch\same_work_spike\probe\review\smoke_deck\mapv2_discovery_deck.html
wrote C:\Genizahsearch\same_work_spike\probe\review\smoke_deck\mapv2_blinded_deck.html + key (55 cards)
wrote C:\Genizahsearch\same_work_spike\probe\review\smoke_deck\mapv2_deck_report.md; TOTAL 1005s
