params overridden from C:\Genizahsearch\same_work_spike\probe\data\deck_params.json
P model: C:\Genizahsearch\same_work_spike\probe\data\p_calibration_final2.json
substitution-risk exclude-list: 595 pages
tier A: 87,547 live (ms,work) links, 3,665 works; witness-count q92=45 -> rarity_max=45
  pages 50,000 · survivors 10,847
  pages 300,000 · survivors 71,571
  pages 350,000 · survivors 80,749
cheap guards done: 364,900 pages, survivors 84,081; stats {'guard_rarity': 344283, 'skip_not_best': 845482, 'band_singleton': 66998, 'band_m_ge_010': 971, 'band_m_003_010': 6520, 'guard_canon_citation': 9551, 'not_best_union': 10401, 'known_tierA_pair': 7018, 'guard_bible': 32908, 'band_m_0_003': 9592, 'guard_cite_formula': 67, 'guard_substitution_risk': 270, 'skip_flag': 1259} (56s)
known-sibling (version-group) suppression: dropped 0
Targum same-book sibling suppression: dropped 49
modern-era (>=1500) work suppression: dropped 5,211 (of 361 modern works)
guard v7: +21 well-attested rabbinic-genre works (witnesses > 45)
guard: +17 guard-only statutory units (refs_staging)
guard reference: 189 works; bible stream 1,204,678
checkpoint fingerprint MISMATCH — discarding old verdicts
guard todo: 78,821 of 78,821
  guard chunk 1/20 (250s)
  guard chunk 2/20 (436s)
  guard chunk 3/20 (627s)
  guard chunk 4/20 (766s)
  guard chunk 5/20 (856s)
  guard chunk 6/20 (932s)
  guard chunk 7/20 (1010s)
  guard chunk 8/20 (1133s)
  guard chunk 9/20 (1320s)
  guard chunk 10/20 (1481s)
  guard chunk 11/20 (1588s)
  guard chunk 12/20 (1754s)
  guard chunk 13/20 (1938s)
  guard chunk 14/20 (2130s)
  guard chunk 15/20 (2312s)
  guard chunk 16/20 (2537s)
  guard chunk 17/20 (2743s)
  guard chunk 18/20 (2949s)
  guard chunk 19/20 (3161s)
  guard chunk 20/20 (3269s)
guards final: kept 40,741 (canonical 30,192, verse-align 7,888)
(manuscript, work) rows: 34,055
  P ≥ 0.8 — כמעט־ודאי: 40 cards
  P 0.5–0.8 — סביר: 25 cards
  P 0.2–0.5 — ספק: 15 cards
  P < 0.2 — קרוב לרעש (לניגוד): 8 cards
  statutory section: 0 cards
wrote C:\Genizahsearch\same_work_spike\probe\review\full_deck\mapv2_discovery_deck.html
wrote C:\Genizahsearch\same_work_spike\probe\review\full_deck\mapv2_blinded_deck.html + key (55 cards)
wrote C:\Genizahsearch\same_work_spike\probe\review\full_deck\mapv2_deck_report.md; TOTAL 3275s
