params overridden from C:\Genizahsearch\same_work_spike\probe\data\deck_params.json
P model: C:\Genizahsearch\same_work_spike\probe\data\p_calibration_final2.json
substitution-risk exclude-list: 595 pages
tier A: 87,547 live (ms,work) links, 3,665 works; witness-count q92=45 -> rarity_max=45
  pages 50,000 · survivors 10,862
  pages 300,000 · survivors 71,613
  pages 350,000 · survivors 80,798
cheap guards done: 364,900 pages, survivors 84,131; stats {'guard_rarity': 344283, 'skip_not_best': 845482, 'band_singleton': 67035, 'band_m_ge_010': 972, 'band_m_003_010': 6529, 'guard_canon_citation': 9551, 'not_best_union': 10417, 'known_tierA_pair': 7018, 'guard_bible': 32909, 'band_m_0_003': 9595, 'guard_substitution_risk': 270, 'skip_flag': 1259} (16s)
known-sibling (version-group) suppression: dropped 0
guard v7: +21 well-attested rabbinic-genre works (witnesses > 45)
guard: +16 guard-only statutory units (refs_staging)
guard reference: 188 works; bible stream 1,204,678
checkpoint: 84,232 guard verdicts loaded
guard todo: 0 of 84,131
guards final: kept 43,194 (canonical 32,325, verse-align 8,612)
(manuscript, work) rows: 36,262
  P ≥ 0.8 — כמעט־ודאי: 40 cards
  P 0.5–0.8 — סביר: 25 cards
  P 0.2–0.5 — ספק: 15 cards
  P < 0.2 — קרוב לרעש (לניגוד): 8 cards
  statutory section: 0 cards
wrote C:\Genizahsearch\same_work_spike\probe\review\full_deck\mapv2_discovery_deck.html
wrote C:\Genizahsearch\same_work_spike\probe\review\full_deck\mapv2_blinded_deck.html + key (55 cards)
wrote C:\Genizahsearch\same_work_spike\probe\review\full_deck\mapv2_deck_report.md; TOTAL 24s
