
===== 2026-07-10 17:08:18 mapv2_track1_run.py C:\Genizahsearch\same_work_spike\probe\data\fullcorpus_v2.db v2 C:\Genizahsearch\same_work_spike\probe\data\p_calibration_final.json =====
P model: C:\Genizahsearch\same_work_spike\probe\data\p_calibration_final.json meta=final pooled bins=[40, 60, 80, 100, 150, 200, 300] margin bands=['m_003_010', 'm_0_003', 'm_ge_010', 'not_best'] singleton bins=[40, 60, 80, 100, 150, 200, 300]
ref-side canonical masks: 522 works (C:\Genizahsearch\same_work_spike\probe\data\ref_canon_masks_v2.json)
ref index: 632,847 grams canonical-masked
ref: 5421 works, 28,509 segments, 35,149,989 postings (df-dropped 147,212 codes) (5s)
fgp_disagree sys_ids: 5,959
pages: 667,411 (185s)
  batch 1/84: A+=5,625 B+=24,738 totA=5,625 totB=24,738 cand=18,838,678 (298s)
  batch 2/84: A+=1,643 B+=14,758 totA=7,268 totB=39,496 cand=44,604,545 (742s)
  batch 3/84: A+=1,218 B+=11,769 totA=8,486 totB=51,265 cand=64,927,910 (1012s)
  batch 4/84: A+=1,021 B+=12,729 totA=9,507 totB=63,994 cand=85,206,345 (1285s)
  batch 5/84: A+=908 B+=9,645 totA=10,415 totB=73,639 cand=107,021,741 (1636s)
  batch 6/84: A+=2,695 B+=12,072 totA=13,110 totB=85,711 cand=129,433,680 (2019s)
  batch 7/84: A+=2,358 B+=12,499 totA=15,468 totB=98,210 cand=148,000,924 (2276s)
  batch 8/84: A+=7,896 B+=30,849 totA=23,364 totB=129,059 cand=158,129,393 (2374s)
  batch 9/84: A+=4,245 B+=17,060 totA=27,609 totB=146,119 cand=168,325,811 (2486s)
  batch 10/84: A+=1,653 B+=13,586 totA=29,262 totB=159,705 cand=182,719,820 (2652s)
  batch 11/84: A+=2,757 B+=12,992 totA=32,019 totB=172,697 cand=194,857,313 (2811s)
  batch 12/84: A+=3,598 B+=18,782 totA=35,617 totB=191,479 cand=208,604,489 (2974s)
  batch 13/84: A+=1,166 B+=9,603 totA=36,783 totB=201,082 cand=224,416,339 (3232s)
  batch 14/84: A+=4,252 B+=23,262 totA=41,035 totB=224,344 cand=243,026,285 (3512s)
  batch 15/84: A+=10,119 B+=80,603 totA=51,154 totB=304,947 cand=258,220,365 (3730s)
  batch 16/84: A+=3,118 B+=22,014 totA=54,272 totB=326,961 cand=265,703,434 (3810s)
  batch 17/84: A+=7,998 B+=61,000 totA=62,270 totB=387,961 cand=276,150,741 (3936s)
  batch 18/84: A+=8,065 B+=57,908 totA=70,335 totB=445,869 cand=285,704,477 (4041s)
  batch 19/84: A+=5,605 B+=38,094 totA=75,940 totB=483,963 cand=297,953,388 (4209s)
  batch 20/84: A+=1,396 B+=13,070 totA=77,336 totB=497,033 cand=315,178,705 (4443s)
  batch 21/84: A+=838 B+=14,676 totA=78,174 totB=511,709 cand=330,431,587 (4624s)
  batch 22/84: A+=822 B+=8,507 totA=78,996 totB=520,216 cand=346,515,899 (4831s)
  batch 23/84: A+=607 B+=10,177 totA=79,603 totB=530,393 cand=363,073,135 (5056s)
  batch 24/84: A+=1,168 B+=10,406 totA=80,771 totB=540,799 cand=380,811,500 (5302s)
  batch 25/84: A+=823 B+=8,928 totA=81,594 totB=549,727 cand=396,175,641 (5492s)
  batch 26/84: A+=499 B+=3,776 totA=82,093 totB=553,503 cand=409,641,979 (5645s)
  batch 27/84: A+=1,261 B+=9,273 totA=83,354 totB=562,776 cand=427,785,374 (5869s)
  batch 28/84: A+=853 B+=10,761 totA=84,207 totB=573,537 cand=444,874,618 (6061s)
  batch 29/84: A+=795 B+=9,677 totA=85,002 totB=583,214 cand=461,943,742 (6265s)
  batch 30/84: A+=981 B+=11,951 totA=85,983 totB=595,165 cand=477,493,133 (6442s)
  batch 31/84: A+=444 B+=7,171 totA=86,427 totB=602,336 cand=494,966,479 (6625s)
  batch 32/84: A+=1,781 B+=16,098 totA=88,208 totB=618,434 cand=510,246,423 (6797s)
  batch 33/84: A+=9,589 B+=35,499 totA=97,797 totB=653,933 cand=520,051,213 (6910s)
  batch 34/84: A+=9,931 B+=38,790 totA=107,728 totB=692,723 cand=531,064,657 (7034s)
  batch 35/84: A+=9,227 B+=30,680 totA=116,955 totB=723,403 cand=538,755,296 (7104s)
  batch 36/84: A+=10,032 B+=37,128 totA=126,987 totB=760,531 cand=549,077,760 (7207s)
  batch 37/84: A+=7,496 B+=22,301 totA=134,483 totB=782,832 cand=557,956,711 (7303s)
  batch 38/84: A+=3,499 B+=19,460 totA=137,982 totB=802,292 cand=571,420,699 (7494s)
  batch 39/84: A+=770 B+=7,385 totA=138,752 totB=809,677 cand=584,344,681 (7628s)
  batch 40/84: A+=889 B+=11,836 totA=139,641 totB=821,513 cand=596,443,043 (7752s)
  batch 41/84: A+=654 B+=9,550 totA=140,295 totB=831,063 cand=609,880,795 (7906s)
  batch 42/84: A+=549 B+=7,283 totA=140,844 totB=838,346 cand=620,394,346 (8077s)
  batch 43/84: A+=4,627 B+=19,444 totA=145,471 totB=857,790 cand=632,541,779 (8233s)
  batch 44/84: A+=3,965 B+=15,740 totA=149,436 totB=873,530 cand=643,393,310 (8365s)
  batch 45/84: A+=2,513 B+=12,634 totA=151,949 totB=886,164 cand=653,135,946 (8479s)
  batch 46/84: A+=2,124 B+=9,895 totA=154,073 totB=896,059 cand=662,377,892 (8579s)
  batch 47/84: A+=2,386 B+=11,664 totA=156,459 totB=907,723 cand=672,632,833 (8694s)
  batch 48/84: A+=3,230 B+=13,114 totA=159,689 totB=920,837 cand=682,751,149 (8824s)
  batch 49/84: A+=5,936 B+=19,225 totA=165,625 totB=940,062 cand=688,535,698 (8882s)
  batch 50/84: A+=4,206 B+=20,063 totA=169,831 totB=960,125 cand=701,605,793 (9051s)
  batch 51/84: A+=4,782 B+=14,624 totA=174,613 totB=974,749 cand=711,201,606 (9162s)
  batch 52/84: A+=2,598 B+=8,572 totA=177,211 totB=983,321 cand=719,548,574 (9263s)
  batch 53/84: A+=1,672 B+=7,665 totA=178,883 totB=990,986 cand=729,761,346 (9390s)
  batch 54/84: A+=1,221 B+=6,031 totA=180,104 totB=997,017 cand=738,615,117 (9509s)
  batch 55/84: A+=3,161 B+=13,682 totA=183,265 totB=1,010,699 cand=749,118,269 (9667s)
  batch 56/84: A+=6,850 B+=29,954 totA=190,115 totB=1,040,653 cand=761,322,446 (9847s)
  batch 57/84: A+=6,851 B+=25,426 totA=196,966 totB=1,066,079 cand=769,195,587 (9950s)
  batch 58/84: A+=3,134 B+=10,576 totA=200,100 totB=1,076,655 cand=774,567,067 (10013s)
  batch 59/84: A+=3,326 B+=12,448 totA=203,426 totB=1,089,103 cand=779,160,794 (10061s)
  batch 60/84: A+=5,023 B+=19,130 totA=208,449 totB=1,108,233 cand=785,113,999 (10129s)
  batch 61/84: A+=1,936 B+=8,544 totA=210,385 totB=1,116,777 cand=790,517,583 (10195s)
  batch 62/84: A+=3,927 B+=14,098 totA=214,312 totB=1,130,875 cand=796,021,583 (10257s)
  batch 63/84: A+=3,335 B+=12,674 totA=217,647 totB=1,143,549 cand=802,176,801 (10327s)
  batch 64/84: A+=3,065 B+=11,861 totA=220,712 totB=1,155,410 cand=805,751,833 (10366s)
  batch 65/84: A+=1,448 B+=7,035 totA=222,160 totB=1,162,445 cand=808,785,969 (10400s)
  batch 66/84: A+=2,049 B+=7,952 totA=224,209 totB=1,170,397 cand=811,386,114 (10428s)
  batch 67/84: A+=203 B+=1,625 totA=224,412 totB=1,172,022 cand=813,734,361 (10455s)
  batch 68/84: A+=228 B+=1,608 totA=224,640 totB=1,173,630 cand=816,151,396 (10481s)
  batch 69/84: A+=4,481 B+=16,852 totA=229,121 totB=1,190,482 cand=821,749,202 (10543s)
  batch 70/84: A+=2,214 B+=10,055 totA=231,335 totB=1,200,537 cand=827,825,816 (10622s)
  batch 71/84: A+=2,131 B+=7,975 totA=233,466 totB=1,208,512 cand=833,369,031 (10693s)
  batch 72/84: A+=2,598 B+=8,546 totA=236,064 totB=1,217,058 cand=838,048,162 (10744s)
  batch 73/84: A+=1,776 B+=6,692 totA=237,840 totB=1,223,750 cand=843,085,357 (10800s)
  batch 74/84: A+=1,186 B+=4,915 totA=239,026 totB=1,228,665 cand=846,942,028 (10843s)
  batch 75/84: A+=3,982 B+=14,814 totA=243,008 totB=1,243,479 cand=853,649,218 (10918s)
  batch 76/84: A+=5,776 B+=15,404 totA=248,784 totB=1,258,883 cand=863,029,558 (11021s)
  batch 77/84: A+=3,836 B+=8,783 totA=252,620 totB=1,267,666 cand=868,441,796 (11076s)
  batch 78/84: A+=2,366 B+=7,088 totA=254,986 totB=1,274,754 cand=873,662,249 (11131s)
  batch 79/84: A+=2,338 B+=8,828 totA=257,324 totB=1,283,582 cand=880,987,540 (11216s)
  batch 80/84: A+=3,837 B+=12,254 totA=261,161 totB=1,295,836 cand=889,859,173 (11313s)
  batch 81/84: A+=1,344 B+=5,791 totA=262,505 totB=1,301,627 cand=894,702,599 (11372s)
  batch 82/84: A+=1,249 B+=5,691 totA=263,754 totB=1,307,318 cand=901,246,764 (11465s)
  batch 83/84: A+=4,096 B+=14,035 totA=267,850 totB=1,321,353 cand=908,053,734 (11552s)
  batch 84/84: A+=2,230 B+=13,967 totA=270,080 totB=1,335,320 cand=912,012,350 (11603s)
# Track-1 v2 — tier A/B identification ('v2', 667,411 pages)

- reference: 5,421 works (v2, header-fix + REF-2), canonical masks: 522 works
- WIDE verification cutoff: 0.55; production boundary unchanged (0.28/<100, 0.35)
- **tier A rows: 270,080** on 180,562 pages (track1_matches — census path, shadowing downstream)
- **tier B rows: 1,335,320** on 321,452 pages (track1_candidates — P-stamped, census never reads)
- tier-B storage floor P >= 0.05; dropped-below-floor counts (NO silent caps): {'tierB_dropped_not_best': 1301725, 'tierB_dropped_m_0_003': 3421}
- margin-band histogram (stored tier B): {'m_003_010': 96346, 'm_0_003': 132577, 'm_ge_010': 24471, 'not_best': 846059, 'singleton': 235867}
- P histogram (stored tier B): {0.0: 154, 0.1: 527028, 0.2: 204904, 0.3: 91311, 0.4: 30611, 0.5: 130084, 0.6: 110525, 0.7: 55164, 0.8: 53052, 0.9: 93040, 1.0: 39447}
- pages merge-flagged (excluded from tier A): 312; weak two-work flags (tier A kept): 13,784
- engine: hits 11,512,159,386, hull candidates 912,012,350, rej_short 0, rej_wide 907,490,519
- total 197 min

wrote C:\Genizahsearch\same_work_spike\probe\results\track1_v2_report.md
