
===== 2026-07-10 21:32:30 motif_query.py C:\Genizahsearch\same_work_spike\probe\data\fullcorpus_v2.db 3 100 =====
query motifs: 12,580 (>= 3 MSS, med >= 100)
query streams: 12,580 (3,312,847 letters, 6s)
index: 12,580 segments, 2,884,383 postings (7s)
pages: 667,411 (194s)
  batch 1/84: cand=14,764,620 hits=392 (87s)
  batch 9/84: cand=168,611,047 hits=7,395 (977s)
  batch 17/84: cand=271,263,069 hits=23,698 (1565s)
  batch 25/84: cand=435,605,771 hits=44,061 (2477s)
  batch 33/84: cand=602,454,679 hits=57,566 (3402s)
  batch 41/84: cand=711,583,132 hits=65,575 (4007s)
  batch 49/84: cand=788,832,690 hits=70,683 (4448s)
  batch 57/84: cand=861,550,628 hits=74,397 (4866s)
  batch 65/84: cand=896,191,593 hits=77,125 (5061s)
  batch 73/84: cand=925,415,928 hits=78,847 (5227s)
  batch 81/84: cand=969,920,148 hits=80,516 (5480s)
# Motif-query completion — growth report

- query motifs: 12,580; hit rows: 81,620
- motifs that GREW: 2,508; new (motif, MS) memberships: 26,453

## Top growth (new witness MSS beyond the pilot membership)
- motif 301165: 6 -> 235 MSS (+229)
- motif 509655: 3 -> 228 MSS (+225)
- motif 341187: 3 -> 197 MSS (+194)
- motif 329034: 3 -> 185 MSS (+182)
- motif 523576: 3 -> 181 MSS (+178)
- motif 337706: 3 -> 178 MSS (+175)
wrote C:\Genizahsearch\same_work_spike\probe\results\motif_query_growth.md (5763s total)
