canonical index: 92 works (13,129,750 letters); edited queries: 5271 works (73,690,002 letters)
index: 3,692 segments, 9,366,688 postings (1s)
  500/5271 works, masked 33 (16586s)
  1000/5271 works, masked 87 (19072s)
  1500/5271 works, masked 117 (20929s)
  2000/5271 works, masked 133 (21694s)
  2500/5271 works, masked 185 (22840s)
  3000/5271 works, masked 235 (29141s)
  3500/5271 works, masked 264 (30343s)
  4000/5271 works, masked 327 (33705s)
  4500/5271 works, masked 403 (46635s)
  5000/5271 works, masked 416 (48850s)
# Reference-side canonical masks

- edited works with canonical spans: 503 / 5,271
- letters masked: 534,787 (3,182 spans; candidates 308,053,330)

## Most canonical-embedded works (masked fraction)
- 73% (164 let of 226) — מחבר לא ידוע — קדושת היום בערבית לשבת
- 68% (205 let of 303) — מחבר לא ידוע — ברכת נישואין לאלמן ואלמנה
- 66% (181 let of 276) — מחבר לא ידוע — תפילה אחר ברכות השחר, נוסח ארץ ישראלי
- 61% (241 let of 397) — יוסף אבן סולי — יקים משא חזיוניי שוש אשיש באדוני
- 58% (110 let of 191) — מחבר לא ידוע — ברכה לקידוש בתולים
- 53% (547 let of 1,035) — מחבר לא ידוע — תפילה ליום כיפור
- 50% (233 let of 465) — יוסף אבן סולי — ישישו בו כל חוסיו ישמח ישראל בעושיו
- 50% (376 let of 757) — מחבר לא ידוע — שבעתא למוסף לראש חודש
wrote C:\Genizahsearch\same_work_spike\probe\data\ref_canon_masks.json (57504s)
