v2: 5421 works; backup: 5363 works; existing masks: 503 works
canonical works identical: 92 works
targets: 60 works (58 new, 2 stream-changed):
  [changed +30,677] M:Ytext280002 (Maagarim, 416,930 let) ספר הרקמה ליונה אבן ג׳נאח, תרגום [מחקר זה (מס׳ 243
  [changed -25] M:Ytext721003 (Maagarim, 260 let) כתובת בית אל-חאדר, תימן
  [NEW] REF2:targum_onkelos_genesis (Targum, 85,890 let) תרגום אונקלוס על בראשית
  [NEW] REF2:targum_onkelos_exodus (Targum, 70,359 let) תרגום אונקלוס על שמות
  [NEW] REF2:targum_onkelos_leviticus (Targum, 49,391 let) תרגום אונקלוס על ויקרא
  [NEW] REF2:targum_onkelos_numbers (Targum, 71,126 let) תרגום אונקלוס על במדבר
  [NEW] REF2:targum_onkelos_deuteronomy (Targum, 60,585 let) תרגום אונקלוס על דברים
  [NEW] REF2:targum_jonathan_genesis (Targum, 118,005 let) תרגום (פסאודו-)יונתן על בראשית
  [NEW] REF2:targum_jonathan_exodus (Targum, 97,401 let) תרגום (פסאודו-)יונתן על שמות
  [NEW] REF2:targum_jonathan_leviticus (Targum, 64,929 let) תרגום (פסאודו-)יונתן על ויקרא
  [NEW] REF2:targum_jonathan_numbers (Targum, 97,011 let) תרגום (פסאודו-)יונתן על במדבר
  [NEW] REF2:targum_jonathan_deuteronomy (Targum, 88,340 let) תרגום (פסאודו-)יונתן על דברים
  [NEW] REF2:targum_jonathan_joshua (Targum, 43,761 let) תרגום יונתן על יהושע
  [NEW] REF2:targum_jonathan_judges (Targum, 45,488 let) תרגום יונתן על שופטים
  [NEW] REF2:targum_jonathan_i_samuel (Targum, 59,146 let) תרגום יונתן על שמואל א
  [NEW] REF2:targum_jonathan_ii_samuel (Targum, 48,198 let) תרגום יונתן על שמואל ב
  [NEW] REF2:targum_jonathan_i_kings (Targum, 56,712 let) תרגום יונתן על מלכים א
  [NEW] REF2:targum_jonathan_ii_kings (Targum, 53,571 let) תרגום יונתן על מלכים ב
  [NEW] REF2:targum_jonathan_isaiah (Targum, 95,313 let) תרגום יונתן על ישעיהו
  [NEW] REF2:targum_jonathan_jeremiah (Targum, 104,741 let) תרגום יונתן על ירמיהו
  [NEW] REF2:targum_jonathan_ezekiel (Targum, 91,485 let) תרגום יונתן על יחזקאל
  [NEW] REF2:targum_jonathan_hosea (Targum, 15,696 let) תרגום יונתן על הושע
  [NEW] REF2:targum_jonathan_joel (Targum, 4,892 let) תרגום יונתן על יואל
  [NEW] REF2:targum_jonathan_amos (Targum, 10,120 let) תרגום יונתן על עמוס
  [NEW] REF2:targum_jonathan_obadiah (Targum, 1,447 let) תרגום יונתן על עובדיה
  [NEW] REF2:targum_jonathan_jonah (Targum, 3,036 let) תרגום יונתן על יונה
  [NEW] REF2:targum_jonathan_micah (Targum, 7,887 let) תרגום יונתן על מיכה
  [NEW] REF2:targum_jonathan_nahum (Targum, 3,421 let) תרגום יונתן על נחום
  [NEW] REF2:targum_jonathan_habakkuk (Targum, 4,326 let) תרגום יונתן על חבקוק
  [NEW] REF2:targum_jonathan_zephaniah (Targum, 3,956 let) תרגום יונתן על צפניה
  [NEW] REF2:targum_jonathan_haggai (Targum, 2,623 let) תרגום יונתן על חגי
  [NEW] REF2:targum_jonathan_zechariah (Targum, 15,982 let) תרגום יונתן על זכריה
  [NEW] REF2:targum_jonathan_malachi (Targum, 4,376 let) תרגום יונתן על מלאכי
  [NEW] REF2:targum_ketuvim_psalms (Targum, 108,808 let) תרגום תהלים
  [NEW] REF2:targum_ketuvim_proverbs (Targum, 34,926 let) תרגום משלי
  [NEW] REF2:targum_ketuvim_job (Targum, 45,045 let) תרגום איוב
  [NEW] REF2:targum_ketuvim_song_of_songs (Targum, 25,315 let) תרגום על שיר השירים
  [NEW] REF2:targum_ketuvim_ruth (Targum, 9,002 let) תרגום רות
  [NEW] REF2:targum_ketuvim_lamentations (Targum, 12,816 let) תרגום איכה
  [NEW] REF2:targum_ketuvim_ecclesiastes (Targum, 29,933 let) תרגום קהלת
  [NEW] REF2:targum_ketuvim_esther (Targum, 30,443 let) תרגום אסתר
  [NEW] REF2:targum_ketuvim_esther_targum_sheni (Targum, 69,551 let) תרגום שני על אסתר
  [NEW] REF2:targum_ketuvim_chronicles_1 (Targum, 57,671 let) תרגום דברי הימים א
  [NEW] REF2:targum_ketuvim_chronicles_2 (Targum, 71,835 let) תרגום דברי הימים ב
  [NEW] REF2:liturgy_amidah_weekday_shacharit (Liturgy, 4,357 let) עמידה לחול (שחרית)
  [NEW] REF2:liturgy_amidah_weekday_maariv (Liturgy, 4,295 let) עמידה לחול (ערבית)
  [NEW] REF2:liturgy_amidah_shabbat_maariv (Liturgy, 3,226 let) עמידה לשבת (ערבית)
  [NEW] REF2:liturgy_amidah_shabbat_shacharit (Liturgy, 3,001 let) עמידה לשבת (שחרית)
  [NEW] REF2:liturgy_amidah_shabbat_musaf (Liturgy, 4,575 let) עמידה למוסף שבת
  [NEW] REF2:liturgy_shema_blessings_weekday_shacharit (Liturgy, 3,909 let) ברכות שמע לשחרית חול
  [NEW] REF2:liturgy_shema_blessings_weekday_maariv (Liturgy, 3,278 let) ברכות שמע לערבית חול
  [NEW] REF2:liturgy_shema_blessings_shabbat_maariv (Liturgy, 2,417 let) ברכות שמע לערבית שבת
  [NEW] REF2:liturgy_kiddush_friday_night (Liturgy, 411 let) קידוש ליל שבת
  [NEW] REF2:liturgy_kiddush_shabbat_day (Liturgy, 349 let) קידושא רבה (קידוש יום שבת)
  [NEW] REF2:liturgy_hallel (Liturgy, 2,803 let) הלל
  [NEW] REF2:liturgy_birkat_hamazon (Liturgy, 5,035 let) ברכת המזון
  [NEW] REF2:liturgy_haggadah (Liturgy, 21,569 let) הגדה של פסח
  [NEW] REF2:b2_rif_hilchot_shabbat (Sefaria, 188,697 let) הלכות הרי"ף (שבת)
  [NEW] REF2:b2_radak_isaiah (Sefaria, 409,909 let) פירוש רד"ק לישעיה
  [NEW] REF2:b2_keter_malkhut (Sefaria, 15,537 let) כתר מלכות (רשב"ג/אבן גבירול)
building canonical index: 92 works (13,129,750 letters)...
index: 3,692 segments, 9,366,688 postings (1s)
regression M:Ytext507000: IDENTICAL (142 intervals, 40,302 letters, 408.4s)
regression M:Ytext896000: IDENTICAL (127 intervals, 39,276 letters, 216.4s)
regression J:55-סעדיה-בן-דוד-מדרש-הבאור-ב: IDENTICAL (119 intervals, 32,553 letters, 488.6s)
regression: 3/3 identical — refactor + v2 index preserve behavior
  1/60 M:Ytext280002: 2,618/416,930 masked (298.5s)
  2/60 M:Ytext721003: 0/260 masked (0.0s)
  3/60 REF2:targum_onkelos_genesis: 1,321/85,890 masked (51.3s)
  4/60 REF2:targum_onkelos_exodus: 0/70,359 masked (46.0s)
  5/60 REF2:targum_onkelos_leviticus: 0/49,391 masked (24.0s)
  6/60 REF2:targum_onkelos_numbers: 329/71,126 masked (37.5s)
  7/60 REF2:targum_onkelos_deuteronomy: 0/60,585 masked (31.1s)
  8/60 REF2:targum_jonathan_genesis: 0/118,005 masked (74.8s)
  9/60 REF2:targum_jonathan_exodus: 0/97,401 masked (55.3s)
  10/60 REF2:targum_jonathan_leviticus: 0/64,929 masked (35.8s)
  11/60 REF2:targum_jonathan_numbers: 0/97,011 masked (53.9s)
  12/60 REF2:targum_jonathan_deuteronomy: 0/88,340 masked (51.6s)
  13/60 REF2:targum_jonathan_joshua: 1,094/43,761 masked (23.5s)
  14/60 REF2:targum_jonathan_judges: 0/45,488 masked (25.8s)
  15/60 REF2:targum_jonathan_i_samuel: 0/59,146 masked (36.8s)
  16/60 REF2:targum_jonathan_ii_samuel: 0/48,198 masked (29.5s)
  17/60 REF2:targum_jonathan_i_kings: 0/56,712 masked (33.9s)
  18/60 REF2:targum_jonathan_ii_kings: 0/53,571 masked (32.4s)
  19/60 REF2:targum_jonathan_isaiah: 0/95,313 masked (49.9s)
  20/60 REF2:targum_jonathan_jeremiah: 0/104,741 masked (62.5s)
  21/60 REF2:targum_jonathan_ezekiel: 0/91,485 masked (77.6s)
  22/60 REF2:targum_jonathan_hosea: 0/15,696 masked (13.7s)
  23/60 REF2:targum_jonathan_joel: 0/4,892 masked (2.7s)
  24/60 REF2:targum_jonathan_amos: 0/10,120 masked (7.1s)
  25/60 REF2:targum_jonathan_obadiah: 0/1,447 masked (0.1s)
  26/60 REF2:targum_jonathan_jonah: 0/3,036 masked (1.2s)
  27/60 REF2:targum_jonathan_micah: 0/7,887 masked (5.1s)
  28/60 REF2:targum_jonathan_nahum: 0/3,421 masked (1.0s)
  29/60 REF2:targum_jonathan_habakkuk: 0/4,326 masked (2.3s)
  30/60 REF2:targum_jonathan_zephaniah: 0/3,956 masked (1.8s)
  31/60 REF2:targum_jonathan_haggai: 0/2,623 masked (0.8s)
  32/60 REF2:targum_jonathan_zechariah: 151/15,982 masked (14.0s)
  33/60 REF2:targum_jonathan_malachi: 0/4,376 masked (2.4s)
  34/60 REF2:targum_ketuvim_psalms: 0/108,808 masked (90.6s)
  35/60 REF2:targum_ketuvim_proverbs: 0/34,926 masked (25.6s)
  36/60 REF2:targum_ketuvim_job: 0/45,045 masked (38.4s)
  37/60 REF2:targum_ketuvim_song_of_songs: 0/25,315 masked (24.0s)
  38/60 REF2:targum_ketuvim_ruth: 0/9,002 masked (7.3s)
  39/60 REF2:targum_ketuvim_lamentations: 0/12,816 masked (10.3s)
  40/60 REF2:targum_ketuvim_ecclesiastes: 0/29,933 masked (27.5s)
  41/60 REF2:targum_ketuvim_esther: 0/30,443 masked (30.4s)
  42/60 REF2:targum_ketuvim_esther_targum_sheni: 0/69,551 masked (78.9s)
  43/60 REF2:targum_ketuvim_chronicles_1: 1,442/57,671 masked (59.0s)
  44/60 REF2:targum_ketuvim_chronicles_2: 0/71,835 masked (74.3s)
  45/60 REF2:liturgy_amidah_weekday_shacharit: 128/4,357 masked (3.4s)
  46/60 REF2:liturgy_amidah_weekday_maariv: 128/4,295 masked (3.3s)
  47/60 REF2:liturgy_amidah_shabbat_maariv: 315/3,226 masked (1.8s)
  48/60 REF2:liturgy_amidah_shabbat_shacharit: 156/3,001 masked (1.5s)
  49/60 REF2:liturgy_amidah_shabbat_musaf: 0/4,575 masked (3.6s)
  50/60 REF2:liturgy_shema_blessings_weekday_shacharit: 824/3,909 masked (2.8s)
  51/60 REF2:liturgy_shema_blessings_weekday_maariv: 761/3,278 masked (2.2s)
  52/60 REF2:liturgy_shema_blessings_shabbat_maariv: 761/2,417 masked (1.0s)
  53/60 REF2:liturgy_kiddush_friday_night: 183/411 masked (0.0s)
  54/60 REF2:liturgy_kiddush_shabbat_day: 336/349 masked (0.0s)
  55/60 REF2:liturgy_hallel: 2,788/2,803 masked (1.1s)
  56/60 REF2:liturgy_birkat_hamazon: 672/5,035 masked (3.9s)
  57/60 REF2:liturgy_haggadah: 3,623/21,569 masked (23.4s)
  58/60 REF2:b2_rif_hilchot_shabbat: 39,236/188,697 masked (160.6s)
  59/60 REF2:b2_radak_isaiah: 1,198/409,909 masked (307.4s)
  60/60 REF2:b2_keter_malkhut: 0/15,537 masked (9.5s)
masked 20/60 targets, stats={'hits': 65794286, 'cand': 12638198, 'accepted': 209} (2176s)
wrote C:\Genizahsearch\same_work_spike\probe\data\ref_canon_masks_v2.json: 522 works (503 old - 1 stale + 20 fresh)
wrote C:\Genizahsearch\same_work_spike\probe\results\ref_canon_masks_v2_delta.md (3290s)
