query motifs: 12,895 (>= 3 MSS, med >= 100)
query streams: 12,895 (3,390,306 letters, 6s)
index: 12,895 segments, 2,941,874 postings (7s)
pages: 667,411 (196s)
  batch 1/84: cand=14,804,459 hits=427 (111s)
  batch 9/84: cand=169,174,378 hits=7,695 (1385s)
  batch 17/84: cand=271,793,056 hits=24,204 (1803s)
  batch 25/84: cand=436,774,442 hits=45,306 (2596s)
  batch 33/84: cand=604,378,447 hits=59,301 (3736s)
  batch 41/84: cand=713,570,991 hits=67,420 (4400s)
  batch 49/84: cand=790,794,550 hits=72,512 (4709s)
  batch 57/84: cand=862,667,352 hits=75,869 (5185s)
  batch 65/84: cand=897,113,732 hits=78,243 (5380s)
  batch 73/84: cand=925,704,014 hits=79,565 (5495s)
  batch 81/84: cand=969,793,423 hits=81,050 (5764s)
# Motif-query completion — growth report

- query motifs: 12,895; hit rows: 82,117
- motifs that GREW: 2,544; new (motif, MS) memberships: 25,327

## Top growth (new witness MSS beyond the pilot membership)
- motif 515130: 3 -> 228 MSS (+225)
- motif 302288: 6 -> 223 MSS (+217)
- motif 342735: 3 -> 195 MSS (+192)
- motif 330602: 3 -> 185 MSS (+182)
- motif 339186: 3 -> 175 MSS (+172)
- motif 244839: 9 -> 174 MSS (+165)
wrote C:\Genizahsearch\same_work_spike\probe\results\motif_query_growth.md (6092s total)
