pages: 667411
streams normalized in 196s; letters=564,815,976
[engine_np] positions=562,146,332 sorted in 15s
[engine_np] grams kept=2,952,960 (singleton=484,475, df-dropped=805,448); raw pair-hits=1,475,436,823
[engine_np] pass1 chunk 1/19: spilled=79,158,312 entries (0.7 GB, 12s)
[engine_np] pass1 chunk 2/19: spilled=158,316,755 entries (1.5 GB, 24s)
[engine_np] pass1 chunk 3/19: spilled=237,204,686 entries (2.2 GB, 36s)
[engine_np] pass1 chunk 4/19: spilled=316,280,354 entries (2.9 GB, 47s)
[engine_np] pass1 chunk 5/19: spilled=395,335,679 entries (3.7 GB, 59s)
[engine_np] pass1 chunk 6/19: spilled=474,417,747 entries (4.4 GB, 70s)
[engine_np] pass1 chunk 7/19: spilled=553,298,377 entries (5.2 GB, 82s)
[engine_np] pass1 chunk 8/19: spilled=632,270,721 entries (5.9 GB, 93s)
[engine_np] pass1 chunk 9/19: spilled=711,420,352 entries (6.6 GB, 105s)
[engine_np] pass1 chunk 10/19: spilled=790,455,421 entries (7.4 GB, 117s)
[engine_np] pass1 chunk 11/19: spilled=869,681,999 entries (8.1 GB, 128s)
[engine_np] pass1 chunk 12/19: spilled=948,902,989 entries (8.8 GB, 140s)
[engine_np] pass1 chunk 13/19: spilled=1,027,763,208 entries (9.6 GB, 151s)
[engine_np] pass1 chunk 14/19: spilled=1,106,663,709 entries (10.3 GB, 163s)
[engine_np] pass1 chunk 15/19: spilled=1,185,350,465 entries (11.0 GB, 174s)
[engine_np] pass1 chunk 16/19: spilled=1,264,347,476 entries (11.8 GB, 186s)
[engine_np] pass1 chunk 17/19: spilled=1,343,404,174 entries (12.5 GB, 197s)
[engine_np] pass1 chunk 18/19: spilled=1,422,479,919 entries (13.2 GB, 209s)
[engine_np] pass1 chunk 19/19: spilled=1,457,598,369 entries (13.6 GB, 216s)
[engine_np] partition merge: 1,457,598,369 entries -> candidates=56,685,311 (74s)
[engine_np] pass2 chunk 1/19 (41s)
[engine_np] pass2 chunk 2/19 (81s)
[engine_np] pass2 chunk 3/19 (123s)
[engine_np] pass2 chunk 4/19 (167s)
[engine_np] pass2 chunk 5/19 (212s)
[engine_np] pass2 chunk 6/19 (258s)
[engine_np] pass2 chunk 7/19 (306s)
[engine_np] pass2 chunk 8/19 (349s)
[engine_np] pass2 chunk 9/19 (392s)
[engine_np] pass2 chunk 10/19 (435s)
[engine_np] pass2 chunk 11/19 (475s)
[engine_np] pass2 chunk 12/19 (517s)
[engine_np] pass2 chunk 13/19 (564s)
[engine_np] pass2 chunk 14/19 (626s)
[engine_np] pass2 chunk 15/19 (689s)
[engine_np] pass2 chunk 16/19 (749s)
[engine_np] pass2 chunk 17/19 (809s)
[engine_np] pass2 chunk 18/19 (868s)
[engine_np] pass2 chunk 19/19 (893s)
[engine_np] spill path done: candidates=56,685,311 in 1208.9s
verified: accepted=3,445,923 in 263.1s (rej short=0 dense=53,027,737)
{
 "n_pages": 667411,
 "n_positions": 562146332,
 "grams_masked": 0,
 "grams_total": 4242883,
 "grams_singleton": 484475,
 "grams_dropped_df": 805448,
 "grams_kept": 2952960,
 "pair_hits_total": 1475436823,
 "same_sys_dropped": 9861998,
 "acc_entries": 1457598369,
 "cnt_saturated": 0,
 "candidate_pairs": 56685311,
 "t_total_s": 1208.9,
 "candidate_unique_pairs": 55090680,
 "verify_s": 263.1,
 "rej_short": 0,
 "rej_density": 53027737,
 "span_clipped": 30,
 "accepted_pairs": 3445923,
 "post_s": 1847.7,
 "tier1_titles_in_db": 1864,
 "tier1_titles_recall": 0.9657,
 "bh_sys_present": 512,
 "bh_sys_connected": 156,
 "flank_classes": {
  "continuation": 1541227,
  "island": 1209383,
  "edge": 544224,
  "ambig": 151089
 },
 "dup_flagged": 13285,
 "clean_pairs": 3432638,
 "total_s": 3606.1
}
