START r2 21:04:21
[prio] process priority set BelowNormal
=== track2_wide_run mode=smoke src=C:\Genizahsearch\same_work_spike\probe\data\mapv2_smoke.db out=C:\Genizahsearch\same_work_spike\probe\data\track2_wide_smoke.db resume=False decoys=600/cohort ===
real pages: 139,694; letters=77,258,346 (29s)
masks[maskcanon]: 23,453 pages, 33,463 Track-1 intervals
leak-clean decoy pool: 55,237 / 139,694 pages (84,457 excluded)
  cohort D25: 600 decoys (target 600)
  cohort D12: 600 decoys (target 600)
combined index: 140,894 pages (139,694 real + 1,200 decoy: D25=600, D12=600)
[engine_np] positions=66,690,917 sorted in 5s
[engine_np] grams kept=2,059,957 (singleton=704,758, df-dropped=124,396); raw pair-hits=531,445,944
[engine_np] chunk 1/7: partial keys=76,824,252 (16s)
[engine_np] chunk 2/7: partial keys=77,072,766 (31s)
[engine_np] chunk 3/7: partial keys=76,496,307 (47s)
[engine_np] chunk 4/7: partial keys=77,237,432 (63s)
[engine_np] chunk 5/7: partial keys=77,152,315 (79s)
[engine_np] chunk 6/7: partial keys=75,396,625 (96s)
[engine_np] chunk 7/7: partial keys=49,733,992 (105s)
[engine_np] acc entries=471,915,042 -> candidates=33,745,608 in 178.7s
candidates: 33,745,608 (215s)
[phase] engine_done done @ 21:07:56
  verify 20,000,000/33,745,608 wide_dict=431,334 spilled=0 strict_pairs=539,399 decoy_real=0 (84s)
verify done: candidates=33,745,608 spilled_raw=584,850 strict_pairs=731,737 wide_segments=608,154 decoy_real=3 decoy_decoy=3,404 rej_short=0 (149s)
strict-pair purge: 0 spilled raw rows removed
deduped base rows: 584,850 (from 584,850 spilled, 0 strict-purged)
[phase] spill_done done @ 21:10:42
null buckets: 177 rows (observed_real total=584,850, envelope_null total=349, buckets with support>=25: 0)
[phase] null_done done @ 21:10:42
scored 584,850 rows (bucket-level SQL, no fetchall); pruned 47,476 low-value; survivors 537,374
[phase] scored done @ 21:10:44
enrich: 537,374 survivors, 66,611 pages loaded
enriched flank classes: {'island': 398069, 'edge': 78795, 'continuation': 47900, 'ambig': 12610}
[phase] enriched done @ 21:17:25
report -> C:\Genizahsearch\same_work_spike\probe\results\track2_wide_smoke_report.md
stats  -> C:\Genizahsearch\same_work_spike\probe\results\track2_wide_smoke_stats.json
VACUUM (db 0.4 GB, free 65.5 GB)
[phase] cleanup done @ 21:17:27
=== DONE mode=smoke in 13.1 min ===
SMOKE_EXIT=0
