phrase='לא תנאף ותטמא' -> norm='לאתנאפותטמא' (len 11); 7 distinct 5-grams; max_edits=2
source shelfmark 'T-S NS 274.68' -> sys_ids ['990051650290205171']
[refs] 7 work(s) contain the idiom (<= 2 edits) (2s)
[genizah] 30 page hit(s): 1 on the source shelfmark, 29 OTHER pages (parallels) (209s)
# Idiom search — `לא תנאף ותטמא`

normalized: `לאתנאפותטמא` (len 11); max_edits=2; source shelfmark: T-S NS 274.68

## Source fragment (origin)
- `990051650290205171_IE164088626_P000002_FL164088629` [Cambridge University Library Ms. T-S NS 274.68] dist=0 · …לאתנאפותטמאותשגובובבטהרהלפניתהגהעודשגגותב…

## (a) Reference works containing the idiom — 7
(a hit here = the idiom IS in a known/edited work; the page engine may have missed the short fragment)
- ** — רס"ג, ספר יצירה פירוש** (`J:25-רסג-ספר-יצירה-פירוש`) dist=2 · matched `לאתנאפתמא` · …בדסבעוסבעינואלילאתרצחכמסינואלילאתנאפתמאנוכמסינואלילאתגנבתסעוכמסינואלי…
- ** — רס"ג, תהלים פירוש** (`J:48-רסג-תהלים-פירוש`) dist=2 · matched `לאתנאפומא` · …אלפאטאלפראדפיאלכתאבאלאוללאתרצחלאתנאפומאנחינחוהמאופיהדאאלספראלתתחרבמרע…
- ** — סעדיה בן דוד, מדרש הבאור א** (`J:54-סעדיה-בן-דוד-מדרש-הבאור-א`) dist=2 · matched `לאתנאפוכלמא` · …כאנלאלאבעאכענשרהאלנכאחפהותאבעללאתנאפוכלמאכאנלאלאבעאדענאטמאעאלדניאואלאסת…
- ** — רס"ג, שמות פירוש** (`J:59-רסג-שמות-פירוש`) dist=2 · matched `לאתנאפתמא` · …בדסבעוסבעינואלילאתרצחכמסינואלילאתנאפתמאנוכמסינואלילאתגנבתסעוכמסינואלי…
- **משה בן מיימון (רמב״ם) — משנה תורה, ספר טהרה** (`M:Ytext270010`) dist=2 · matched `לאתצאותטמא` · …הטהורינשלאיתטמאוומונעינהטומאהשלאתצאותטמאאבלצמידפתילואהליממצילינעלהטהור…
- **מחבר לא ידוע — סילוק לשבועות, קטע** (`M:Ytext590418`) dist=2 · matched `לאתנאפפנתטמא` · …ותכובדבעולמלאתרצחיצירמעפרמוגלמלאתנאפפנתטמאותפסידבעולמלאתגנובגניבותפנתשלמ…
- **שלמה סולימן — סדרי דיברין לשבועות** (`M:Ytext975019`) dist=2 · matched `לאתנאפותא` · …חיקנכריהאמחמדמחפובמחמנאפלאתנאפלאתנאפותאבהלהתערבבעריהאשתכסילותהומיהלאת…

## (b) In-Genizah parallels (other pages) — 29
(other Genizah pages carrying the same idiom = witnesses / parallels, even when no reference names the work)
- **Ms. EVR II A 298/02** (sys 990000851260205171, `990000851260205171_IE36616625_P000058_FL36617219`) dist=2 · matched `לאתצאותטמא` · …ביתטמאינשאינהמחיצהמונעתהטומאהשלאתצאותטמאכעניינשביארנובאוהלשבתוכהביתהיו…
- **Ms. EVR ARAB I 842** (sys 990000859900205171, `990000859900205171_IE38155621_P000029_FL38155831`) dist=2 · matched `לאתנאפוכלמא` · …כבאלאדהדלכלאכלפפוהמאלהיכלאתרצחלאתנאפוכלמאשבהדלכמנאלנצוצלפיאגראאלעלהפיאל…
- **Ms. EVR ARAB I 842** (sys 990000859900205171, `990000859900205171_IE38155621_P000030_FL38155835`) dist=2 · matched `לאתנאפוכלמא` · …באלאדנודלכלאכלפפוהיאלהיכלאתרצחלאתנאפוכלמאשבהדלכמנאלנצוצלפיאגראאלעלהפיאל…
- **Ms. EVR ARAB I 1069** (sys 990000868480205171, `990000868480205171_IE38160276_P000074_FL38160351`) dist=2 · matched `לאתנאפומא` · …כראלקולפיאלנתרצדספצלפימאקאלהפילאתנאפומאיתעליקבאקאלאכרגדלכבקולעמוממנגי…
- **Ms. EVR ARAB I 1069** (sys 990000868480205171, `990000868480205171_IE38160276_P000076_FL38160353`) dist=2 · matched `לאתנאפומא` · …ראלקולפיאתרצבנספצלפימאקאלהראפילאתנאפומאיתעליקבארחהקאלאכרגדלכבקולעמוממ…
- **Ms. EVR ARAB I 1812** (sys 990000868510205171, `990000868510205171_IE41429758_P000046_FL41431376`) dist=2 · matched `לאתנאפומא` · …פילאתרצחיימפצלפימאקאלהרחאללהפילאתנאפומאיתעלקבה…
- **Ms. EVR ARAB II 1206** (sys 990000952930205171, `990000952930205171_IE212478080_P000094_FL212478266`) dist=2 · matched `לאתנאפומא` · …אליחרמאלכאפפיפילאלרצטידכרמעאנילאתנאפומאיתבעדלכמנזנותואיצאידכרשפחהנחרפ…
- **Ms. EVR ARAB II 1206** (sys 990000952930205171, `990000952930205171_IE49941140_P000095_FL49941245`) dist=2 · matched `לאתנאפומא` · …אליחרמאלכאפפיפצלאלרצטידכרמעאנילאתנאפומאיתבעדלכמנזנותואינאידכרשפחהנחרפ…
- **Ms. EVR ARAB I 1763** (sys 990001110600205171, `990001110600205171_IE39907459_P000018_FL39907550`) dist=2 · matched `לאתנאפותגא` · …בצרהגדולהאנחנוקאלאללהעליהרסינילאתנאפותגאוזוהדאאלפרצכמקכיכלממנאסימואשבי…
- **Ms. EVR ARAB I 1763** (sys 990001110600205171, `990001110600205171_IE81019766_P000015_FL81019791`) dist=2 · matched `לאתנאפותגא` · …מובצרהגדולהאנחנוקילמנהעליהרסיילאתנאפותגאוזוהדאאלפריכמקכיכלממנאפימואשבי…
- **Ms. EVR ARAB I 3972** (sys 990001131090205171, `990001131090205171_IE47171546_P000037_FL47171620`) dist=2 · matched `לאתנאפותגא` · …בצדהגדולהאנחנוקאלאללהעליהרסינילאתנאפותגאוזוהדאאלפרצכקולהכיכלממנאפימואש…
- **Ms. EVR ARAB I 312** (sys 990001227330205171, `990001227330205171_IE47182072_P000033_FL47182178`) dist=2 · matched `לאתנאפותגא` · …וכצרהגדולהאנחנוקאלאללהעליהרסנילאתנאפותגאוזוהדאאלפרצבקלכיכלממנאפימואשבי…
- **Ms. EVR ARAB I 4914** (sys 990001227500205171, `990001227500205171_IE48063069_P000007_FL48063201`) dist=2 · matched `לאתנאפומא` · …רצחומאינצאפאלידלכמפצראלכהפקותעלאתנאפומאינצאפאלידלכמנואלאשתעמיתכואקסאמ…
- **Cambridge University Library Ms. Add. 3371** (sys 990001399130205171, `990001399130205171_IE168270808_P000014_FL168270823`) dist=2 · matched `לאתנאפותא` · …מרממחפוברוכמונעחרבוימנאפלאתנאפלאתנאפותאבהלהתערבבעדיהנאתלאתנלאתאשתלאתנ…
- **Cambridge University Library Ms. Add. 3371** (sys 990001399130205171, `990001399130205171_IE168270808_P000015_FL168270824`) dist=2 · matched `לאתנאפותבא` · …אלכלבאלכורלמונעעאשתכסילותהומיהלאתנאפותבאעמרוגליהבביתהלאישכנורגליהלאתנו…
- **Ms. EVR ARAB I 1457** (sys 990001533200205171, `990001533200205171_IE37993476_P000079_FL37993838`) dist=2 · matched `לאתנאפינתטמא` · …ריבאליוטיהאיטלקעליהאזנותנקטנקולאתנאפינתטמאלמאורשאלבעולהלישראליולגויאדלאו…
- **Ms. EVR ARAB I 2113** (sys 990001539310205171, `990001539310205171_IE41918291_P000007_FL41918370`) dist=2 · matched `לאתנאפותגא` · …בצרהגדורהאנחנוקאלאללהעליהרסינילאתנאפותגאיהדאאלפלצכקכיכלממנאפימבאשביעאו…
- **Ms. EVR ARAB I 3188** (sys 990001549590205171, `990001549590205171_IE43459696_P000015_FL43459800`) dist=2 · matched `לאתנאפינתטמא` · …יומתהנואפוהנואפתואמתאלדלכפקולהלאתנאפינתטמאלמאוורשהואלבעולהלישראליוללגויא…
- **Ms. EVR ARAB I 3188** (sys 990001549590205171, `990001549590205171_IE43459696_P000016_FL43459806`) dist=2 · matched `לאתנאפינתטמא` · …יומתהנואפוהנואפתואמתאלדלכפקנלהלאתנאפינתטמאלמאורשהואלבעולהלישראלוללגויאדל…
- **Ms. EVR ARAB I 4216** (sys 990001559490205171, `990001559490205171_IE47449210_P000049_FL47449551`) dist=2 · matched `לאתנאותמא` · …אברכמפקלואנלמיקאתלונאפהמיפנונגלאתנאותמארנאוישלחמלאכימנעתהלכהנאיקאלאנב…
- **Ms. EVR ARAB I 4216** (sys 990001559490205171, `990001559490205171_IE47449210_P000050_FL47449568`) dist=2 · matched `לאתנאותמא` · …ברהמפקאלואנלמיקאתלונאפהמיפנונגלאתנאותמארנאוישלחמלאכימועתהלכהנאיקאלאנב…

wrote C:\Genizahsearch\same_work_spike\probe\results\idiom_t-s-ns-274-68.md
